--- Vector Prediction Distribution Generator (GBDT) ---
Found 30 files.
Pre-computing Hypercube Neighbors (Size=2)...
Pre-computing Hypercube Stats for all files...
Calculating EMA History...
Running GBDT Prediction Logic...
Predicting for file 16: SimpleCrossover.EURUSD.M30.20230423.20230430.17.F86D9E0435CA7EBB4878EBDBD0F2001A.csv
Predicting for file 17: SimpleCrossover.EURUSD.M30.20230430.20230507.18.4723426A71638D53263D91E36840126C.csv
Predicting for file 18: SimpleCrossover.EURUSD.M30.20230507.20230514.19.1623A26054D17937BF1A457EA3AA5A66.csv
Predicting for file 19: SimpleCrossover.EURUSD.M30.20230514.20230521.20.875652598A51030B4FE7715241710274.csv
Predicting for file 20: SimpleCrossover.EURUSD.M30.20230521.20230528.21.4476FD5E7DEC7F3940F94C55D60193C5.csv
Predicting for file 21: SimpleCrossover.EURUSD.M30.20230528.20230604.22.2CA77C75440E8602ECC07A0D6F44AE37.csv
Predicting for file 22: SimpleCrossover.EURUSD.M30.20230604.20230611.23.C1CA91F25D4F26FC32551B7FC82898C7.csv
Predicting for file 23: SimpleCrossover.EURUSD.M30.20230611.20230618.24.08B6E593E96CE3C7A88814C7DED28F2E.csv
Predicting for file 24: SimpleCrossover.EURUSD.M30.20230618.20230625.25.3AF8ECD28C36198961A90EE8856F573C.csv
Predicting for file 25: SimpleCrossover.EURUSD.M30.20230625.20230702.26.F06B32AD7BCF2B632C1B6A3317D3B0B9.csv
Predicting for file 26: SimpleCrossover.EURUSD.M30.20230702.20230709.27.E61516902A28AF8C31DC063C93DAC798.csv
Predicting for file 27: SimpleCrossover.EURUSD.M30.20230709.20230716.28.73A328C34406CBD46706E0C17E515C37.csv
Predicting for file 28: SimpleCrossover.EURUSD.M30.20230716.20230723.29.3BF026A5321CA415461D16737B2BD753.csv
Predicting for file 29: SimpleCrossover.EURUSD.M30.20230723.20230730.30.A962E8C2868937F379E883A6DD3DC11B.csv
Processing Rank Analysis...
Generating Final Verdict PDF...
PDF Saved: Data_Files/Test_Data/Final_Verdict.pdf
Generating Diagnostics Report...
Diagnostics report generated.
Report generated successfully: Data_Files/Test_Data/Vector_Prediction_Distribution.html
